Archive member included to satisfy reference by file (symbol)

C:/ST/STM32CubeIDE_2.0.0/STM32CubeIDE/plugins/com.st.stm32cube.ide.mcu.externaltools.gnu-tools-for-stm32.13.3.rel1.win32_1.0.100.202509120712/tools/bin/../lib/gcc/arm-none-eabi/13.3.1/../../../../arm-none-eabi/lib/thumb/v7e-m+fp/hard\libc_nano.a(libc_a-exit.o)
                              C:/ST/STM32CubeIDE_2.0.0/STM32CubeIDE/plugins/com.st.stm32cube.ide.mcu.externaltools.gnu-tools-for-stm32.13.3.rel1.win32_1.0.100.202509120712/tools/bin/../lib/gcc/arm-none-eabi/13.3.1/../../../../arm-none-eabi/lib/thumb/v7e-m+fp/hard/crt0.o (exit)
C:/ST/STM32CubeIDE_2.0.0/STM32CubeIDE/plugins/com.st.stm32cube.ide.mcu.externaltools.gnu-tools-for-stm32.13.3.rel1.win32_1.0.100.202509120712/tools/bin/../lib/gcc/arm-none-eabi/13.3.1/../../../../arm-none-eabi/lib/thumb/v7e-m+fp/hard\libc_nano.a(libc_a-findfp.o)
                              C:/ST/STM32CubeIDE_2.0.0/STM32CubeIDE/plugins/com.st.stm32cube.ide.mcu.externaltools.gnu-tools-for-stm32.13.3.rel1.win32_1.0.100.202509120712/tools/bin/../lib/gcc/arm-none-eabi/13.3.1/../../../../arm-none-eabi/lib/thumb/v7e-m+fp/hard\libc_nano.a(libc_a-exit.o) (__stdio_exit_handler)
C:/ST/STM32CubeIDE_2.0.0/STM32CubeIDE/plugins/com.st.stm32cube.ide.mcu.externaltools.gnu-tools-for-stm32.13.3.rel1.win32_1.0.100.202509120712/tools/bin/../lib/gcc/arm-none-eabi/13.3.1/../../../../arm-none-eabi/lib/thumb/v7e-m+fp/hard\libc_nano.a(libc_a-fwalk.o)
                              C:/ST/STM32CubeIDE_2.0.0/STM32CubeIDE/plugins/com.st.stm32cube.ide.mcu.externaltools.gnu-tools-for-stm32.13.3.rel1.win32_1.0.100.202509120712/tools/bin/../lib/gcc/arm-none-eabi/13.3.1/../../../../arm-none-eabi/lib/thumb/v7e-m+fp/hard\libc_nano.a(libc_a-findfp.o) (_fwalk_sglue)
C:/ST/STM32CubeIDE_2.0.0/STM32CubeIDE/plugins/com.st.stm32cube.ide.mcu.externaltools.gnu-tools-for-stm32.13.3.rel1.win32_1.0.100.202509120712/tools/bin/../lib/gcc/arm-none-eabi/13.3.1/../../../../arm-none-eabi/lib/thumb/v7e-m+fp/hard\libc_nano.a(libc_a-stdio.o)
                              C:/ST/STM32CubeIDE_2.0.0/STM32CubeIDE/plugins/com.st.stm32cube.ide.mcu.externaltools.gnu-tools-for-stm32.13.3.rel1.win32_1.0.100.202509120712/tools/bin/../lib/gcc/arm-none-eabi/13.3.1/../../../../arm-none-eabi/lib/thumb/v7e-m+fp/hard\libc_nano.a(libc_a-findfp.o) (__sread)
C:/ST/STM32CubeIDE_2.0.0/STM32CubeIDE/plugins/com.st.stm32cube.ide.mcu.externaltools.gnu-tools-for-stm32.13.3.rel1.win32_1.0.100.202509120712/tools/bin/../lib/gcc/arm-none-eabi/13.3.1/../../../../arm-none-eabi/lib/thumb/v7e-m+fp/hard\libc_nano.a(libc_a-memset.o)
                              C:/ST/STM32CubeIDE_2.0.0/STM32CubeIDE/plugins/com.st.stm32cube.ide.mcu.externaltools.gnu-tools-for-stm32.13.3.rel1.win32_1.0.100.202509120712/tools/bin/../lib/gcc/arm-none-eabi/13.3.1/../../../../arm-none-eabi/lib/thumb/v7e-m+fp/hard/crt0.o (memset)
C:/ST/STM32CubeIDE_2.0.0/STM32CubeIDE/plugins/com.st.stm32cube.ide.mcu.externaltools.gnu-tools-for-stm32.13.3.rel1.win32_1.0.100.202509120712/tools/bin/../lib/gcc/arm-none-eabi/13.3.1/../../../../arm-none-eabi/lib/thumb/v7e-m+fp/hard\libc_nano.a(libc_a-closer.o)
                              C:/ST/STM32CubeIDE_2.0.0/STM32CubeIDE/plugins/com.st.stm32cube.ide.mcu.externaltools.gnu-tools-for-stm32.13.3.rel1.win32_1.0.100.202509120712/tools/bin/../lib/gcc/arm-none-eabi/13.3.1/../../../../arm-none-eabi/lib/thumb/v7e-m+fp/hard\libc_nano.a(libc_a-stdio.o) (_close_r)
C:/ST/STM32CubeIDE_2.0.0/STM32CubeIDE/plugins/com.st.stm32cube.ide.mcu.externaltools.gnu-tools-for-stm32.13.3.rel1.win32_1.0.100.202509120712/tools/bin/../lib/gcc/arm-none-eabi/13.3.1/../../../../arm-none-eabi/lib/thumb/v7e-m+fp/hard\libc_nano.a(libc_a-reent.o)
                              C:/ST/STM32CubeIDE_2.0.0/STM32CubeIDE/plugins/com.st.stm32cube.ide.mcu.externaltools.gnu-tools-for-stm32.13.3.rel1.win32_1.0.100.202509120712/tools/bin/../lib/gcc/arm-none-eabi/13.3.1/../../../../arm-none-eabi/lib/thumb/v7e-m+fp/hard\libc_nano.a(libc_a-closer.o) (errno)
C:/ST/STM32CubeIDE_2.0.0/STM32CubeIDE/plugins/com.st.stm32cube.ide.mcu.externaltools.gnu-tools-for-stm32.13.3.rel1.win32_1.0.100.202509120712/tools/bin/../lib/gcc/arm-none-eabi/13.3.1/../../../../arm-none-eabi/lib/thumb/v7e-m+fp/hard\libc_nano.a(libc_a-impure.o)
                              C:/ST/STM32CubeIDE_2.0.0/STM32CubeIDE/plugins/com.st.stm32cube.ide.mcu.externaltools.gnu-tools-for-stm32.13.3.rel1.win32_1.0.100.202509120712/tools/bin/../lib/gcc/arm-none-eabi/13.3.1/../../../../arm-none-eabi/lib/thumb/v7e-m+fp/hard\libc_nano.a(libc_a-reent.o) (_impure_ptr)
C:/ST/STM32CubeIDE_2.0.0/STM32CubeIDE/plugins/com.st.stm32cube.ide.mcu.externaltools.gnu-tools-for-stm32.13.3.rel1.win32_1.0.100.202509120712/tools/bin/../lib/gcc/arm-none-eabi/13.3.1/../../../../arm-none-eabi/lib/thumb/v7e-m+fp/hard\libc_nano.a(libc_a-lseekr.o)
[...]
Memory Configuration

Name             Origin             Length             Attributes
RAM              0x20000000         0x00020000         xrw
FLASH            0x08000000         0x00080000         xr
*default*        0x00000000         0xffffffff

Linker script and memory map

LOAD C:/ST/STM32CubeIDE_2.0.0/STM32CubeIDE/plugins/com.st.stm32cube.ide.mcu.externaltools.gnu-tools-for-stm32.13.3.rel1.win32_1.0.100.202509120712/tools/bin/../lib/gcc/arm-none-eabi/13.3.1/thumb/v7e-m+fp/hard/crti.o
LOAD C:/ST/STM32CubeIDE_2.0.0/STM32CubeIDE/plugins/com.st.stm32cube.ide.mcu.externaltools.gnu-tools-for-stm32.13.3.rel1.win32_1.0.100.202509120712/tools/bin/../lib/gcc/arm-none-eabi/13.3.1/thumb/v7e-m+fp/hard/crtbegin.o
LOAD C:/ST/STM32CubeIDE_2.0.0/STM32CubeIDE/plugins/com.st.stm32cube.ide.mcu.externaltools.gnu-tools-for-stm32.13.3.rel1.win32_1.0.100.202509120712/tools/bin/../lib/gcc/arm-none-eabi/13.3.1/../../../../arm-none-eabi/lib/thumb/v7e-m+fp/hard/crt0.o
LOAD ./Core/Src/adc.o
LOAD ./Core/Src/circbuf.o
LOAD ./Core/Src/main.o
LOAD ./Core/Src/stm32f4xx_hal_msp.o
LOAD ./Core/Src/stm32f4xx_it.o
LOAD ./Core/Src/syscalls.o
LOAD ./Core/Src/sysmem.o
LOAD ./Core/Src/system_stm32f4xx.o
LOAD ./Core/Src/timer.o
LOAD ./Core/Src/uart.o
LOAD ./Core/Startup/startup_stm32f446retx.o
LOAD ./Drivers/STM32F4xx_HAL_Driver/Src/stm32f4xx_hal.o
LOAD ./Drivers/STM32F4xx_HAL_Driver/Src/stm32f4xx_hal_cortex.o
LOAD ./Drivers/STM32F4xx_HAL_Driver/Src/stm32f4xx_hal_dma.o
LOAD ./Drivers/STM32F4xx_HAL_Driver/Src/stm32f4xx_hal_dma_ex.o
LOAD ./Drivers/STM32F4xx_HAL_Driver/Src/stm32f4xx_hal_exti.o
LOAD ./Drivers/STM32F4xx_HAL_Driver/Src/stm32f4xx_hal_flash.o
LOAD ./Drivers/STM32F4xx_HAL_Driver/Src/stm32f4xx_hal_flash_ex.o
LOAD ./Drivers/STM32F4xx_HAL_Driver/Src/stm32f4xx_hal_flash_ramfunc.o
LOAD ./Drivers/STM32F4xx_HAL_Driver/Src/stm32f4xx_hal_gpio.o
LOAD ./Drivers/STM32F4xx_HAL_Driver/Src/stm32f4xx_hal_pwr.o
LOAD ./Drivers/STM32F4xx_HAL_Driver/Src/stm32f4xx_hal_pwr_ex.o
LOAD ./Drivers/STM32F4xx_HAL_Driver/Src/stm32f4xx_hal_rcc.o
LOAD ./Drivers/STM32F4xx_HAL_Driver/Src/stm32f4xx_hal_rcc_ex.o
LOAD ./Drivers/STM32F4xx_HAL_Driver/Src/stm32f4xx_ll_dma.o
LOAD ./Drivers/STM32F4xx_HAL_Driver/Src/stm32f4xx_ll_exti.o
LOAD ./Drivers/STM32F4xx_HAL_Driver/Src/stm32f4xx_ll_gpio.o
LOAD ./Drivers/STM32F4xx_HAL_Driver/Src/stm32f4xx_ll_rcc.o
LOAD ./Drivers/STM32F4xx_HAL_Driver/Src/stm32f4xx_ll_usart.o
LOAD ./Drivers/STM32F4xx_HAL_Driver/Src/stm32f4xx_ll_utils.o
START GROUP
LOAD C:/ST/STM32CubeIDE_2.0.0/STM32CubeIDE/plugins/com.st.stm32cube.ide.mcu.externaltools.gnu-tools-for-stm32.13.3.rel1.win32_1.0.100.202509120712/tools/bin/../lib/gcc/arm-none-eabi/13.3.1/../../../../arm-none-eabi/lib/thumb/v7e-m+fp/hard\libc_nano.a
LOAD C:/ST/STM32CubeIDE_2.0.0/STM32CubeIDE/plugins/com.st.stm32cube.ide.mcu.externaltools.gnu-tools-for-stm32.13.3.rel1.win32_1.0.100.202509120712/tools/bin/../lib/gcc/arm-none-eabi/13.3.1/../../../../arm-none-eabi/lib/thumb/v7e-m+fp/hard\libm.a
END GROUP
START GROUP
LOAD C:/ST/STM32CubeIDE_2.0.0/STM32CubeIDE/plugins/com.st.stm32cube.ide.mcu.externaltools.gnu-tools-for-stm32.13.3.rel1.win32_1.0.100.202509120712/tools/bin/../lib/gcc/arm-none-eabi/13.3.1/thumb/v7e-m+fp/hard\libgcc.a
LOAD C:/ST/STM32CubeIDE_2.0.0/STM32CubeIDE/plugins/com.st.stm32cube.ide.mcu.externaltools.gnu-tools-for-stm32.13.3.rel1.win32_1.0.100.202509120712/tools/bin/../lib/gcc/arm-none-eabi/13.3.1/../../../../arm-none-eabi/lib/thumb/v7e-m+fp/hard\libc_nano.a
END GROUP
START GROUP
LOAD C:/ST/STM32CubeIDE_2.0.0/STM32CubeIDE/plugins/com.st.stm32cube.ide.mcu.externaltools.gnu-tools-for-stm32.13.3.rel1.win32_1.0.100.202509120712/tools/bin/../lib/gcc/arm-none-eabi/13.3.1/thumb/v7e-m+fp/hard\libgcc.a
LOAD C:/ST/STM32CubeIDE_2.0.0/STM32CubeIDE/plugins/com.st.stm32cube.ide.mcu.externaltools.gnu-tools-for-stm32.13.3.rel1.win32_1.0.100.202509120712/tools/bin/../lib/gcc/arm-none-eabi/13.3.1/../../../../arm-none-eabi/lib/thumb/v7e-m+fp/hard\libc_nano.a
LOAD C:/ST/STM32CubeIDE_2.0.0/STM32CubeIDE/plugins/com.st.stm32cube.ide.mcu.externaltools.gnu-tools-for-stm32.13.3.rel1.win32_1.0.100.202509120712/tools/bin/../lib/gcc/arm-none-eabi/13.3.1/../../../../arm-none-eabi/lib/thumb/v7e-m+fp/hard\libnosys.a
END GROUP
START GROUP
LOAD C:/ST/STM32CubeIDE_2.0.0/STM32CubeIDE/plugins/com.st.stm32cube.ide.mcu.externaltools.gnu-tools-for-stm32.13.3.rel1.win32_1.0.100.202509120712/tools/bin/../lib/gcc/arm-none-eabi/13.3.1/thumb/v7e-m+fp/hard\libgcc.a
LOAD C:/ST/STM32CubeIDE_2.0.0/STM32CubeIDE/plugins/com.st.stm32cube.ide.mcu.externaltools.gnu-tools-for-stm32.13.3.rel1.win32_1.0.100.202509120712/tools/bin/../lib/gcc/arm-none-eabi/13.3.1/../../../../arm-none-eabi/lib/thumb/v7e-m+fp/hard\libc_nano.a
LOAD C:/ST/STM32CubeIDE_2.0.0/STM32CubeIDE/plugins/com.st.stm32cube.ide.mcu.externaltools.gnu-tools-for-stm32.13.3.rel1.win32_1.0.100.202509120712/tools/bin/../lib/gcc/arm-none-eabi/13.3.1/../../../../arm-none-eabi/lib/thumb/v7e-m+fp/hard\libnosys.a
END GROUP
LOAD C:/ST/STM32CubeIDE_2.0.0/STM32CubeIDE/plugins/com.st.stm32cube.ide.mcu.externaltools.gnu-tools-for-stm32.13.3.rel1.win32_1.0.100.202509120712/tools/bin/../lib/gcc/arm-none-eabi/13.3.1/thumb/v7e-m+fp/hard/crtend.o
LOAD C:/ST/STM32CubeIDE_2.0.0/STM32CubeIDE/plugins/com.st.stm32cube.ide.mcu.externaltools.gnu-tools-for-stm32.13.3.rel1.win32_1.0.100.202509120712/tools/bin/../lib/gcc/arm-none-eabi/13.3.1/thumb/v7e-m+fp/hard/crtn.o
                0x20020000                        _estack = (ORIGIN (RAM) + LENGTH (RAM))
                0x00000200                        _Min_Heap_Size = 0x200
                0x00000400                        _Min_Stack_Size = 0x400

.isr_vector     0x08000000      0x1c4
                0x08000000                        . = ALIGN (0x4)
 *(.isr_vector)
 .isr_vector    0x08000000      0x1c4 ./Core/Startup/startup_stm32f446retx.o
                0x08000000                g_pfnVectors
                0x080001c4                        . = ALIGN (0x4)

.text           0x080001c4     0x2924
                0x080001c4                        . = ALIGN (0x4)
 *(.text)
 .text          0x080001c4       0x40 C:/ST/STM32CubeIDE_2.0.0/STM32CubeIDE/plugins/com.st.stm32cube.ide.mcu.externaltools.gnu-tools-for-stm32.13.3.rel1.win32_1.0.100.202509120712/tools/bin/../lib/gcc/arm-none-eabi/13.3.1/thumb/v7e-m+fp/hard/crtbegin.o
 .text          0x08000204       0x30 C:/ST/STM32CubeIDE_2.0.0/STM32CubeIDE/plugins/com.st.stm32cube.ide.mcu.externaltools.gnu-tools-for-stm32.13.3.rel1.win32_1.0.100.202509120712/tools/bin/../lib/gcc/arm-none-eabi/13.3.1/thumb/v7e-m+fp/hard\libgcc.a(_aeabi_uldivmod.o)
                0x08000204                __aeabi_uldivmod
 .text          0x08000234      0x2f8 C:/ST/STM32CubeIDE_2.0.0/STM32CubeIDE/plugins/com.st.stm32cube.ide.mcu.externaltools.gnu-tools-for-stm32.13.3.rel1.win32_1.0.100.202509120712/tools/bin/../lib/gcc/arm-none-eabi/13.3.1/thumb/v7e-m+fp/hard\libgcc.a(_udivmoddi4.o)
                0x08000234                __udivmoddi4
 .text          0x0800052c        0x4 C:/ST/STM32CubeIDE_2.0.0/STM32CubeIDE/plugins/com.st.stm32cube.ide.mcu.externaltools.gnu-tools-for-stm32.13.3.rel1.win32_1.0.100.202509120712/tools/bin/../lib/gcc/arm-none-eabi/13.3.1/thumb/v7e-m+fp/hard\libgcc.a(_dvmd_tls.o)
                0x0800052c                __aeabi_idiv0
                0x0800052c                __aeabi_ldiv0
 *(.text*)
 .text.circbuf_init
                0x08000530       0x28 ./Core/Src/circbuf.o
                0x08000530                circbuf_init
 .text.circbuf_is_empty
                0x08000558       0x26 ./Core/Src/circbuf.o
                0x08000558                circbuf_is_empty
 .text.circbuf_is_full
                0x0800057e       0x36 ./Core/Src/circbuf.o
                0x0800057e                circbuf_is_full
 .text.circbuf_peek_contiguous
                0x080005b4       0x6c ./Core/Src/circbuf.o
                0x080005b4                circbuf_peek_contiguous
 .text.circbuf_advance
                0x08000620       0x36 ./Core/Src/circbuf.o
                0x08000620                circbuf_advance
 .text.circbuf_count
                0x08000656       0x42 ./Core/Src/circbuf.o
                0x08000656                circbuf_count
 .text.circbuf_write_byte
                0x08000698       0x62 ./Core/Src/circbuf.o
                0x08000698                circbuf_write_byte
 *fill*         0x080006fa        0x2 
 .text.__NVIC_GetPriorityGrouping
                0x080006fc       0x1c ./Core/Src/main.o
 .text.__NVIC_EnableIRQ
                0x08000718       0x3c ./Core/Src/main.o
 .text.__NVIC_SetPriority
                0x08000754       0x54 ./Core/Src/main.o
 .text.NVIC_EncodePriority
                0x080007a8       0x66 ./Core/Src/main.o
 *fill*         0x0800080e        0x2 
 .text.LL_RCC_HSI_Enable
                0x08000810       0x20 ./Core/Src/main.o
 .text.LL_RCC_HSI_IsReady
                0x08000830       0x24 ./Core/Src/main.o
 .text.LL_RCC_HSI_SetCalibTrimming
                0x08000854       0x2c ./Core/Src/main.o
 .text.LL_RCC_SetSysClkSource
                0x08000880       0x28 ./Core/Src/main.o
 .text.LL_RCC_GetSysClkSource
                0x080008a8       0x1c ./Core/Src/main.o
 .text.LL_RCC_SetAHBPrescaler
                0x080008c4       0x28 ./Core/Src/main.o
 .text.LL_RCC_SetAPB1Prescaler
                0x080008ec       0x28 ./Core/Src/main.o
 .text.LL_RCC_SetAPB2Prescaler
                0x08000914       0x28 ./Core/Src/main.o
 .text.LL_RCC_SetTIMPrescaler
                0x0800093c       0x2c ./Core/Src/main.o
 .text.LL_RCC_PLL_Enable
                0x08000968       0x20 ./Core/Src/main.o
 .text.LL_RCC_PLL_IsReady
                0x08000988       0x28 ./Core/Src/main.o
 .text.LL_RCC_PLL_ConfigDomain_SYS
                0x080009b0       0x5c ./Core/Src/main.o
 .text.LL_AHB1_GRP1_EnableClock
                0x08000a0c       0x30 ./Core/Src/main.o
 .text.LL_APB1_GRP1_EnableClock
                0x08000a3c       0x30 ./Core/Src/main.o
 .text.LL_SYSCFG_SetEXTISource
                0x08000a6c       0x6c ./Core/Src/main.o
 .text.LL_FLASH_SetLatency
                0x08000ad8       0x28 ./Core/Src/main.o
 .text.LL_FLASH_GetLatency
                0x08000b00       0x1c ./Core/Src/main.o
 .text.LL_PWR_DisableOverDriveMode
                0x08000b1c       0x20 ./Core/Src/main.o
 .text.LL_PWR_SetRegulVoltageScaling
                0x08000b3c       0x28 ./Core/Src/main.o
 .text.LL_PWR_IsActiveFlag_VOS
                0x08000b64       0x28 ./Core/Src/main.o
 .text.LL_DMA_SetDataTransferDirection
                0x08000b8c       0x48 ./Core/Src/main.o
 .text.LL_DMA_SetMode
                0x08000bd4       0x48 ./Core/Src/main.o
 .text.LL_DMA_SetPeriphIncMode
                0x08000c1c       0x48 ./Core/Src/main.o
 .text.LL_DMA_SetMemoryIncMode
                0x08000c64       0x48 ./Core/Src/main.o
 .text.LL_DMA_SetPeriphSize
                0x08000cac       0x48 ./Core/Src/main.o
 .text.LL_DMA_SetMemorySize
                0x08000cf4       0x48 ./Core/Src/main.o
 .text.LL_DMA_SetStreamPriorityLevel
                0x08000d3c       0x48 ./Core/Src/main.o
 .text.LL_DMA_SetChannelSelection
                0x08000d84       0x48 ./Core/Src/main.o
 .text.LL_DMA_DisableFifoMode
                0x08000dcc       0x40 ./Core/Src/main.o
 .text.LL_USART_Enable
                0x08000e0c       0x20 ./Core/Src/main.o
 .text.LL_USART_ConfigAsyncMode
                0x08000e2c       0x2c ./Core/Src/main.o
 .text.LL_GPIO_SetPinMode
                0x08000e58       0x7a ./Core/Src/main.o
 .text.LL_GPIO_SetPinPull
                0x08000ed2       0x7a ./Core/Src/main.o
 .text.LL_GPIO_ResetOutputPin
                0x08000f4c       0x1e ./Core/Src/main.o
 *fill*         0x08000f6a        0x2 
 .text.main     0x08000f6c       0x54 ./Core/Src/main.o
                0x08000f6c                main
 .text.SystemClock_Config
                0x08000fc0       0xb0 ./Core/Src/main.o
                0x08000fc0                SystemClock_Config
 .text.MX_USART2_UART_Init
                0x08001070      0x120 ./Core/Src/main.o
 .text.MX_DMA_Init
                0x08001190       0x50 ./Core/Src/main.o
 .text.MX_GPIO_Init
                0x080011e0       0xb0 ./Core/Src/main.o
 .text.Error_Handler
                0x08001290        0xc ./Core/Src/main.o
                0x08001290                Error_Handler
 .text.HAL_MspInit
                0x0800129c       0x50 ./Core/Src/stm32f4xx_hal_msp.o
                0x0800129c                HAL_MspInit
 .text.NMI_Handler
                0x080012ec        0x8 ./Core/Src/stm32f4xx_it.o
                0x080012ec                NMI_Handler
 .text.HardFault_Handler
                0x080012f4        0x8 ./Core/Src/stm32f4xx_it.o
                0x080012f4                HardFault_Handler
 .text.MemManage_Handler
                0x080012fc        0x8 ./Core/Src/stm32f4xx_it.o
                0x080012fc                MemManage_Handler
 .text.BusFault_Handler
                0x08001304        0x8 ./Core/Src/stm32f4xx_it.o
                0x08001304                BusFault_Handler
 .text.UsageFault_Handler
                0x0800130c        0x8 ./Core/Src/stm32f4xx_it.o
                0x0800130c                UsageFault_Handler
 .text.SVC_Handler
                0x08001314        0xe ./Core/Src/stm32f4xx_it.o
                0x08001314                SVC_Handler
 .text.DebugMon_Handler
                0x08001322        0xe ./Core/Src/stm32f4xx_it.o
                0x08001322                DebugMon_Handler
 .text.PendSV_Handler
                0x08001330        0xe ./Core/Src/stm32f4xx_it.o
                0x08001330                PendSV_Handler
 .text.SysTick_Handler
                0x0800133e        0xc ./Core/Src/stm32f4xx_it.o
                0x0800133e                SysTick_Handler
 *fill*         0x0800134a        0x2 
 .text.DMA1_Stream6_IRQHandler
                0x0800134c       0x14 ./Core/Src/stm32f4xx_it.o
                0x0800134c                DMA1_Stream6_IRQHandler
 .text.USART2_IRQHandler
                0x08001360        0xe ./Core/Src/stm32f4xx_it.o
                0x08001360                USART2_IRQHandler
 *fill*         0x0800136e        0x2 
 .text.SystemInit
                0x08001370       0x24 ./Core/Src/system_stm32f4xx.o
                0x08001370                SystemInit
 .text.LL_DMA_EnableStream
                0x08001394       0x40 ./Core/Src/uart.o
 .text.LL_DMA_DisableStream
                0x080013d4       0x40 ./Core/Src/uart.o
 .text.LL_DMA_IsEnabledStream
                0x08001414       0x38 ./Core/Src/uart.o
 .text.LL_DMA_SetDataLength
                0x0800144c       0x48 ./Core/Src/uart.o
 .text.LL_DMA_SetMemoryAddress
                0x08001494       0x30 ./Core/Src/uart.o
 .text.LL_DMA_SetPeriphAddress
                0x080014c4       0x30 ./Core/Src/uart.o
 .text.LL_DMA_IsActiveFlag_TC6
                0x080014f4       0x28 ./Core/Src/uart.o
 .text.LL_DMA_IsActiveFlag_TE6
                0x0800151c       0x28 ./Core/Src/uart.o
 .text.LL_DMA_IsActiveFlag_DME6
                0x08001544       0x28 ./Core/Src/uart.o
 .text.LL_DMA_IsActiveFlag_FE6
                0x0800156c       0x28 ./Core/Src/uart.o
 .text.LL_DMA_ClearFlag_HT6
                0x08001594       0x1c ./Core/Src/uart.o
 .text.LL_DMA_ClearFlag_TC6
                0x080015b0       0x1c ./Core/Src/uart.o
 .text.LL_DMA_ClearFlag_TE6
                0x080015cc       0x1c ./Core/Src/uart.o
 .text.LL_DMA_ClearFlag_DME6
                0x080015e8       0x1c ./Core/Src/uart.o
 .text.LL_DMA_ClearFlag_FE6
                0x08001604       0x1c ./Core/Src/uart.o
 .text.LL_DMA_EnableIT_TC
                0x08001620       0x40 ./Core/Src/uart.o
 .text.LL_USART_EnableDMAReq_TX
                0x08001660       0x46 ./Core/Src/uart.o
 *fill*         0x080016a6        0x2 
 .text.uart_init
                0x080016a8       0x90 ./Core/Src/uart.o
                0x080016a8                uart_init
 .text.uart_send_dma
                0x08001738       0xa0 ./Core/Src/uart.o
                0x08001738                uart_send_dma
 .text.uart_handle_dma_irq
                0x080017d8       0x8c ./Core/Src/uart.o
                0x080017d8                uart_handle_dma_irq
 .text.uart_DMA_printf
                0x08001864       0x44 ./Core/Src/uart.o
                0x08001864                uart_DMA_printf
 .text.Reset_Handler
                0x080018a8       0x50 ./Core/Startup/startup_stm32f446retx.o
                0x080018a8                Reset_Handler
 .text.Default_Handler
                0x080018f8        0x2 ./Core/Startup/startup_stm32f446retx.o
                0x080018f8                RTC_Alarm_IRQHandler
                0x080018f8                EXTI2_IRQHandler
                0x080018f8                TIM8_CC_IRQHandler
                0x080018f8                FMPI2C1_EV_IRQHandler
                0x080018f8                SPI4_IRQHandler
                0x080018f8                TIM1_CC_IRQHandler
                0x080018f8                DMA2_Stream5_IRQHandler
                0x080018f8                DMA1_Stream5_IRQHandler
                0x080018f8                PVD_IRQHandler
                0x080018f8                SDIO_IRQHandler
                0x080018f8                TAMP_STAMP_IRQHandler
                0x080018f8                CAN2_RX1_IRQHandler
                0x080018f8                EXTI3_IRQHandler
                0x080018f8                TIM8_TRG_COM_TIM14_IRQHandler
                0x080018f8                TIM1_UP_TIM10_IRQHandler
                0x080018f8                TIM8_UP_TIM13_IRQHandler
                0x080018f8                I2C3_ER_IRQHandler
                0x080018f8                EXTI0_IRQHandler
                0x080018f8                I2C2_EV_IRQHandler
                0x080018f8                DMA1_Stream2_IRQHandler
                0x080018f8                CAN1_RX0_IRQHandler
                0x080018f8                FPU_IRQHandler
                0x080018f8                OTG_HS_WKUP_IRQHandler
                0x080018f8                CAN2_SCE_IRQHandler
                0x080018f8                DMA2_Stream2_IRQHandler
                0x080018f8                SPI1_IRQHandler
                0x080018f8                TIM6_DAC_IRQHandler
                0x080018f8                TIM1_BRK_TIM9_IRQHandler
                0x080018f8                DCMI_IRQHandler
                0x080018f8                CAN2_RX0_IRQHandler
                0x080018f8                DMA2_Stream3_IRQHandler
                0x080018f8                SAI2_IRQHandler
                0x080018f8                USART6_IRQHandler
                0x080018f8                USART3_IRQHandler
                0x080018f8                CAN1_RX1_IRQHandler
                0x080018f8                UART5_IRQHandler
                0x080018f8                DMA2_Stream0_IRQHandler
                0x080018f8                TIM4_IRQHandler
                0x080018f8                QUADSPI_IRQHandler
                0x080018f8                I2C1_EV_IRQHandler
                0x080018f8                DMA1_Stream1_IRQHandler
                0x080018f8                UART4_IRQHandler
                0x080018f8                TIM3_IRQHandler
                0x080018f8                RCC_IRQHandler
                0x080018f8                TIM8_BRK_TIM12_IRQHandler
                0x080018f8                Default_Handler
                0x080018f8                CEC_IRQHandler
                0x080018f8                EXTI15_10_IRQHandler
                0x080018f8                ADC_IRQHandler
                0x080018f8                DMA1_Stream7_IRQHandler
                0x080018f8                TIM7_IRQHandler
                0x080018f8                CAN2_TX_IRQHandler
                0x080018f8                TIM5_IRQHandler
                0x080018f8                DMA2_Stream7_IRQHandler
                0x080018f8                I2C3_EV_IRQHandler
                0x080018f8                EXTI9_5_IRQHandler
                0x080018f8                RTC_WKUP_IRQHandler
                0x080018f8                SPDIF_RX_IRQHandler
                0x080018f8                SPI2_IRQHandler
                0x080018f8                OTG_HS_EP1_IN_IRQHandler
                0x080018f8                DMA1_Stream0_IRQHandler
                0x080018f8                CAN1_TX_IRQHandler
                0x080018f8                FMPI2C1_ER_IRQHandler
                0x080018f8                EXTI4_IRQHandler
                0x080018f8                OTG_HS_EP1_OUT_IRQHandler
                0x080018f8                WWDG_IRQHandler
                0x080018f8                TIM2_IRQHandler
                0x080018f8                OTG_FS_WKUP_IRQHandler
                0x080018f8                TIM1_TRG_COM_TIM11_IRQHandler
                0x080018f8                OTG_HS_IRQHandler
                0x080018f8                EXTI1_IRQHandler
                0x080018f8                I2C2_ER_IRQHandler
                0x080018f8                DMA2_Stream1_IRQHandler
                0x080018f8                CAN1_SCE_IRQHandler
                0x080018f8                FLASH_IRQHandler
                0x080018f8                DMA2_Stream4_IRQHandler
                0x080018f8                USART1_IRQHandler
                0x080018f8                OTG_FS_IRQHandler
                0x080018f8                SPI3_IRQHandler
                0x080018f8                DMA1_Stream4_IRQHandler
                0x080018f8                I2C1_ER_IRQHandler
                0x080018f8                FMC_IRQHandler
                0x080018f8                DMA2_Stream6_IRQHandler
                0x080018f8                SAI1_IRQHandler
                0x080018f8                DMA1_Stream3_IRQHandler
 *fill*         0x080018fa        0x2 
 .text.HAL_Init
                0x080018fc       0x44 ./Drivers/STM32F4xx_HAL_Driver/Src/stm32f4xx_hal.o
                0x080018fc                HAL_Init
 .text.HAL_InitTick
                0x08001940       0x60 ./Drivers/STM32F4xx_HAL_Driver/Src/stm32f4xx_hal.o
                0x08001940                HAL_InitTick
 .text.HAL_IncTick
                0x080019a0       0x28 ./Drivers/STM32F4xx_HAL_Driver/Src/stm32f4xx_hal.o
                0x080019a0                HAL_IncTick
 .text.__NVIC_SetPriorityGrouping
                0x080019c8       0x48 ./Drivers/STM32F4xx_HAL_Driver/Src/stm32f4xx_hal_cortex.o
 .text.__NVIC_GetPriorityGrouping
                0x08001a10       0x1c ./Drivers/STM32F4xx_HAL_Driver/Src/stm32f4xx_hal_cortex.o
 .text.__NVIC_SetPriority
                0x08001a2c       0x54 ./Drivers/STM32F4xx_HAL_Driver/Src/stm32f4xx_hal_cortex.o
 .text.NVIC_EncodePriority
                0x08001a80       0x66 ./Drivers/STM32F4xx_HAL_Driver/Src/stm32f4xx_hal_cortex.o
 *fill*         0x08001ae6        0x2 
 .text.SysTick_Config
                0x08001ae8       0x44 ./Drivers/STM32F4xx_HAL_Driver/Src/stm32f4xx_hal_cortex.o
 .text.HAL_NVIC_SetPriorityGrouping
                0x08001b2c       0x16 ./Drivers/STM32F4xx_HAL_Driver/Src/stm32f4xx_hal_cortex.o
                0x08001b2c                HAL_NVIC_SetPriorityGrouping
 .text.HAL_NVIC_SetPriority
                0x08001b42       0x38 ./Drivers/STM32F4xx_HAL_Driver/Src/stm32f4xx_hal_cortex.o
                0x08001b42                HAL_NVIC_SetPriority
 .text.HAL_SYSTICK_Config
                0x08001b7a       0x18 ./Drivers/STM32F4xx_HAL_Driver/Src/stm32f4xx_hal_cortex.o
                0x08001b7a                HAL_SYSTICK_Config
 *fill*         0x08001b92        0x2 
 .text.LL_EXTI_EnableIT_0_31
                0x08001b94       0x24 ./Drivers/STM32F4xx_HAL_Driver/Src/stm32f4xx_ll_exti.o
 .text.LL_EXTI_DisableIT_0_31
                0x08001bb8       0x28 ./Drivers/STM32F4xx_HAL_Driver/Src/stm32f4xx_ll_exti.o
 .text.LL_EXTI_EnableEvent_0_31
                0x08001be0       0x24 ./Drivers/STM32F4xx_HAL_Driver/Src/stm32f4xx_ll_exti.o
 .text.LL_EXTI_DisableEvent_0_31
                0x08001c04       0x28 ./Drivers/STM32F4xx_HAL_Driver/Src/stm32f4xx_ll_exti.o
 .text.LL_EXTI_EnableRisingTrig_0_31
                0x08001c2c       0x24 ./Drivers/STM32F4xx_HAL_Driver/Src/stm32f4xx_ll_exti.o
 .text.LL_EXTI_DisableRisingTrig_0_31
                0x08001c50       0x28 ./Drivers/STM32F4xx_HAL_Driver/Src/stm32f4xx_ll_exti.o
 .text.LL_EXTI_EnableFallingTrig_0_31
                0x08001c78       0x24 ./Drivers/STM32F4xx_HAL_Driver/Src/stm32f4xx_ll_exti.o
 .text.LL_EXTI_DisableFallingTrig_0_31
                0x08001c9c       0x28 ./Drivers/STM32F4xx_HAL_Driver/Src/stm32f4xx_ll_exti.o
 .text.LL_EXTI_Init
                0x08001cc4       0xfe ./Drivers/STM32F4xx_HAL_Driver/Src/stm32f4xx_ll_exti.o
                0x08001cc4                LL_EXTI_Init
 .text.LL_GPIO_SetPinMode
                0x08001dc2       0x7a ./Drivers/STM32F4xx_HAL_Driver/Src/stm32f4xx_ll_gpio.o
 .text.LL_GPIO_SetPinOutputType
                0x08001e3c       0x30 ./Drivers/STM32F4xx_HAL_Driver/Src/stm32f4xx_ll_gpio.o
 .text.LL_GPIO_SetPinSpeed
                0x08001e6c       0x7a ./Drivers/STM32F4xx_HAL_Driver/Src/stm32f4xx_ll_gpio.o
 .text.LL_GPIO_SetPinPull
                0x08001ee6       0x7a ./Drivers/STM32F4xx_HAL_Driver/Src/stm32f4xx_ll_gpio.o
 .text.LL_GPIO_SetAFPin_0_7
                0x08001f60       0x7a ./Drivers/STM32F4xx_HAL_Driver/Src/stm32f4xx_ll_gpio.o
 .text.LL_GPIO_SetAFPin_8_15
                0x08001fda       0x7e ./Drivers/STM32F4xx_HAL_Driver/Src/stm32f4xx_ll_gpio.o
 .text.LL_GPIO_Init
                0x08002058      0x102 ./Drivers/STM32F4xx_HAL_Driver/Src/stm32f4xx_ll_gpio.o
                0x08002058                LL_GPIO_Init
 *fill*         0x0800215a        0x2 
 .text.LL_RCC_GetSysClkSource
                0x0800215c       0x1c ./Drivers/STM32F4xx_HAL_Driver/Src/stm32f4xx_ll_rcc.o
 .text.LL_RCC_GetAHBPrescaler
                0x08002178       0x1c ./Drivers/STM32F4xx_HAL_Driver/Src/stm32f4xx_ll_rcc.o
 .text.LL_RCC_GetAPB1Prescaler
                0x08002194       0x1c ./Drivers/STM32F4xx_HAL_Driver/Src/stm32f4xx_ll_rcc.o
 .text.LL_RCC_GetAPB2Prescaler
                0x080021b0       0x1c ./Drivers/STM32F4xx_HAL_Driver/Src/stm32f4xx_ll_rcc.o
 .text.LL_RCC_PLL_GetMainSource
                0x080021cc       0x1c ./Drivers/STM32F4xx_HAL_Driver/Src/stm32f4xx_ll_rcc.o
 .text.LL_RCC_PLL_GetN
                0x080021e8       0x1c ./Drivers/STM32F4xx_HAL_Driver/Src/stm32f4xx_ll_rcc.o
 .text.LL_RCC_PLL_GetP
                0x08002204       0x1c ./Drivers/STM32F4xx_HAL_Driver/Src/stm32f4xx_ll_rcc.o
 .text.LL_RCC_PLL_GetR
                0x08002220       0x1c ./Drivers/STM32F4xx_HAL_Driver/Src/stm32f4xx_ll_rcc.o
 .text.LL_RCC_PLL_GetDivider
                0x0800223c       0x1c ./Drivers/STM32F4xx_HAL_Driver/Src/stm32f4xx_ll_rcc.o
 .text.LL_RCC_GetSystemClocksFreq
                0x08002258       0x4a ./Drivers/STM32F4xx_HAL_Driver/Src/stm32f4xx_ll_rcc.o
                0x08002258                LL_RCC_GetSystemClocksFreq
 *fill*         0x080022a2        0x2 
 .text.RCC_GetSystemClockFreq
                0x080022a4       0x88 ./Drivers/STM32F4xx_HAL_Driver/Src/stm32f4xx_ll_rcc.o
                0x080022a4                RCC_GetSystemClockFreq
 .text.RCC_GetHCLKClockFreq
                0x0800232c       0x2c ./Drivers/STM32F4xx_HAL_Driver/Src/stm32f4xx_ll_rcc.o
                0x0800232c                RCC_GetHCLKClockFreq
 .text.RCC_GetPCLK1ClockFreq
                0x08002358       0x28 ./Drivers/STM32F4xx_HAL_Driver/Src/stm32f4xx_ll_rcc.o
                0x08002358                RCC_GetPCLK1ClockFreq
 .text.RCC_GetPCLK2ClockFreq
                0x08002380       0x28 ./Drivers/STM32F4xx_HAL_Driver/Src/stm32f4xx_ll_rcc.o
                0x08002380                RCC_GetPCLK2ClockFreq
 .text.RCC_PLL_GetFreqDomain_SYS
                0x080023a8       0xa4 ./Drivers/STM32F4xx_HAL_Driver/Src/stm32f4xx_ll_rcc.o
                0x080023a8                RCC_PLL_GetFreqDomain_SYS
 .text.LL_USART_IsEnabled
                0x0800244c       0x28 ./Drivers/STM32F4xx_HAL_Driver/Src/stm32f4xx_ll_usart.o
 .text.LL_USART_SetStopBitsLength
                0x08002474       0x26 ./Drivers/STM32F4xx_HAL_Driver/Src/stm32f4xx_ll_usart.o
 .text.LL_USART_SetHWFlowCtrl
                0x0800249a       0x26 ./Drivers/STM32F4xx_HAL_Driver/Src/stm32f4xx_ll_usart.o
 .text.LL_USART_SetBaudRate
                0x080024c0      0x45c ./Drivers/STM32F4xx_HAL_Driver/Src/stm32f4xx_ll_usart.o
 .text.LL_USART_Init
                0x0800291c      0x100 ./Drivers/STM32F4xx_HAL_Driver/Src/stm32f4xx_ll_usart.o
                0x0800291c                LL_USART_Init
 .text.LL_mDelay
                0x08002a1c       0x4c ./Drivers/STM32F4xx_HAL_Driver/Src/stm32f4xx_ll_utils.o
                0x08002a1c                LL_mDelay
 .text.LL_SetSystemCoreClock
                0x08002a68       0x20 ./Drivers/STM32F4xx_HAL_Driver/Src/stm32f4xx_ll_utils.o
                0x08002a68                LL_SetSystemCoreClock
 .text.__libc_init_array
                0x08002a88       0x48 C:/ST/STM32CubeIDE_2.0.0/STM32CubeIDE/plugins/com.st.stm32cube.ide.mcu.externaltools.gnu-tools-for-stm32.13.3.rel1.win32_1.0.100.202509120712/tools/bin/../lib/gcc/arm-none-eabi/13.3.1/../../../../arm-none-eabi/lib/thumb/v7e-m+fp/hard\libc_nano.a(libc_a-init.o)
                0x08002a88                __libc_init_array
 *(.glue_7)
 .glue_7        0x08002ad0        0x0 linker stubs
 *(.glue_7t)
 .glue_7t       0x08002ad0        0x0 linker stubs
 *(.eh_frame)
 .eh_frame      0x08002ad0        0x0 C:/ST/STM32CubeIDE_2.0.0/STM32CubeIDE/plugins/com.st.stm32cube.ide.mcu.externaltools.gnu-tools-for-stm32.13.3.rel1.win32_1.0.100.202509120712/tools/bin/../lib/gcc/arm-none-eabi/13.3.1/thumb/v7e-m+fp/hard/crtbegin.o
 *(.init)
 .init          0x08002ad0        0x4 C:/ST/STM32CubeIDE_2.0.0/STM32CubeIDE/plugins/com.st.stm32cube.ide.mcu.externaltools.gnu-tools-for-stm32.13.3.rel1.win32_1.0.100.202509120712/tools/bin/../lib/gcc/arm-none-eabi/13.3.1/thumb/v7e-m+fp/hard/crti.o
                0x08002ad0                _init
 .init          0x08002ad4        0x8 C:/ST/STM32CubeIDE_2.0.0/STM32CubeIDE/plugins/com.st.stm32cube.ide.mcu.externaltools.gnu-tools-for-stm32.13.3.rel1.win32_1.0.100.202509120712/tools/bin/../lib/gcc/arm-none-eabi/13.3.1/thumb/v7e-m+fp/hard/crtn.o
 *(.fini)
 .fini          0x08002adc        0x4 C:/ST/STM32CubeIDE_2.0.0/STM32CubeIDE/plugins/com.st.stm32cube.ide.mcu.externaltools.gnu-tools-for-stm32.13.3.rel1.win32_1.0.100.202509120712/tools/bin/../lib/gcc/arm-none-eabi/13.3.1/thumb/v7e-m+fp/hard/crti.o
                0x08002adc                _fini
 .fini          0x08002ae0        0x8 C:/ST/STM32CubeIDE_2.0.0/STM32CubeIDE/plugins/com.st.stm32cube.ide.mcu.externaltools.gnu-tools-for-stm32.13.3.rel1.win32_1.0.100.202509120712/tools/bin/../lib/gcc/arm-none-eabi/13.3.1/thumb/v7e-m+fp/hard/crtn.o
                0x08002ae8                        . = ALIGN (0x4)
                0x08002ae8                        _etext = .

.vfp11_veneer   0x08002ae8        0x0
 .vfp11_veneer  0x08002ae8        0x0 linker stubs

.v4_bx          0x08002ae8        0x0
 .v4_bx         0x08002ae8        0x0 linker stubs

.iplt           0x08002ae8        0x0
 .iplt          0x08002ae8        0x0 C:/ST/STM32CubeIDE_2.0.0/STM32CubeIDE/plugins/com.st.stm32cube.ide.mcu.externaltools.gnu-tools-for-stm32.13.3.rel1.win32_1.0.100.202509120712/tools/bin/../lib/gcc/arm-none-eabi/13.3.1/thumb/v7e-m+fp/hard/crtbegin.o

.rodata         0x08002ae8       0x54
                0x08002ae8                        . = ALIGN (0x4)
 *(.rodata)
 .rodata        0x08002ae8       0x2c ./Core/Src/main.o
 *(.rodata*)
 .rodata.STREAM_OFFSET_TAB
                0x08002b14        0x8 ./Core/Src/main.o
 .rodata.AHBPrescTable
                0x08002b1c       0x10 ./Core/Src/system_stm32f4xx.o
                0x08002b1c                AHBPrescTable
 .rodata.APBPrescTable
                0x08002b2c        0x8 ./Core/Src/system_stm32f4xx.o
                0x08002b2c                APBPrescTable
 .rodata.STREAM_OFFSET_TAB
                0x08002b34        0x8 ./Core/Src/uart.o
                0x08002b3c                        . = ALIGN (0x4)

.ARM.extab      0x08002b3c        0x0
                0x08002b3c                        . = ALIGN (0x4)
 *(.ARM.extab* .gnu.linkonce.armextab.*)
                0x08002b3c                        . = ALIGN (0x4)

.ARM            0x08002b3c        0x8
                0x08002b3c                        . = ALIGN (0x4)
                0x08002b3c                        __exidx_start = .
 *(.ARM.exidx*)
 .ARM.exidx     0x08002b3c        0x8 C:/ST/STM32CubeIDE_2.0.0/STM32CubeIDE/plugins/com.st.stm32cube.ide.mcu.externaltools.gnu-tools-for-stm32.13.3.rel1.win32_1.0.100.202509120712/tools/bin/../lib/gcc/arm-none-eabi/13.3.1/thumb/v7e-m+fp/hard\libgcc.a(_udivmoddi4.o)
                0x08002b44                        __exidx_end = .
                0x08002b44                        . = ALIGN (0x4)

.preinit_array  0x08002b44        0x0
                0x08002b44                        . = ALIGN (0x4)
                0x08002b44                        PROVIDE (__preinit_array_start = .)
 *(.preinit_array*)
                0x08002b44                        PROVIDE (__preinit_array_end = .)
                0x08002b44                        . = ALIGN (0x4)

.init_array     0x08002b44        0x4
                0x08002b44                        . = ALIGN (0x4)
                0x08002b44                        PROVIDE (__init_array_start = .)
 *(SORT_BY_NAME(.init_array.*))
 *(.init_array*)
 .init_array    0x08002b44        0x4 C:/ST/STM32CubeIDE_2.0.0/STM32CubeIDE/plugins/com.st.stm32cube.ide.mcu.externaltools.gnu-tools-for-stm32.13.3.rel1.win32_1.0.100.202509120712/tools/bin/../lib/gcc/arm-none-eabi/13.3.1/thumb/v7e-m+fp/hard/crtbegin.o
                0x08002b48                        PROVIDE (__init_array_end = .)
                0x08002b48                        . = ALIGN (0x4)

.fini_array     0x08002b48        0x4
                0x08002b48                        . = ALIGN (0x4)
                [!provide]                        PROVIDE (__fini_array_start = .)
 *(SORT_BY_NAME(.fini_array.*))
 *(.fini_array*)
 .fini_array    0x08002b48        0x4 C:/ST/STM32CubeIDE_2.0.0/STM32CubeIDE/plugins/com.st.stm32cube.ide.mcu.externaltools.gnu-tools-for-stm32.13.3.rel1.win32_1.0.100.202509120712/tools/bin/../lib/gcc/arm-none-eabi/13.3.1/thumb/v7e-m+fp/hard/crtbegin.o
                [!provide]                        PROVIDE (__fini_array_end = .)
                0x08002b4c                        . = ALIGN (0x4)
                0x08002b4c                        _sidata = LOADADDR (.data)

.rel.dyn        0x08002b4c        0x0
 .rel.iplt      0x08002b4c        0x0 C:/ST/STM32CubeIDE_2.0.0/STM32CubeIDE/plugins/com.st.stm32cube.ide.mcu.externaltools.gnu-tools-for-stm32.13.3.rel1.win32_1.0.100.202509120712/tools/bin/../lib/gcc/arm-none-eabi/13.3.1/thumb/v7e-m+fp/hard/crtbegin.o

.data           0x20000000        0xc load address 0x08002b4c
                0x20000000                        . = ALIGN (0x4)
                0x20000000                        _sdata = .
 *(.data)
 *(.data*)
 .data.SystemCoreClock
                0x20000000        0x4 ./Core/Src/system_stm32f4xx.o
                0x20000000                SystemCoreClock
 .data.uwTickPrio
                0x20000004        0x4 ./Drivers/STM32F4xx_HAL_Driver/Src/stm32f4xx_hal.o
                0x20000004                uwTickPrio
 .data.uwTickFreq
                0x20000008        0x1 ./Drivers/STM32F4xx_HAL_Driver/Src/stm32f4xx_hal.o
                0x20000008                uwTickFreq
 *(.RamFunc)
 *(.RamFunc*)
                0x2000000c                        . = ALIGN (0x4)
 *fill*         0x20000009        0x3 
                0x2000000c                        _edata = .

.igot.plt       0x2000000c        0x0 load address 0x08002b58
 .igot.plt      0x2000000c        0x0 C:/ST/STM32CubeIDE_2.0.0/STM32CubeIDE/plugins/com.st.stm32cube.ide.mcu.externaltools.gnu-tools-for-stm32.13.3.rel1.win32_1.0.100.202509120712/tools/bin/../lib/gcc/arm-none-eabi/13.3.1/thumb/v7e-m+fp/hard/crtbegin.o
                0x2000000c                        . = ALIGN (0x4)

.bss            0x2000000c      0x140 load address 0x08002b58
                0x2000000c                        _sbss = .
                0x2000000c                        __bss_start__ = _sbss
 *(.bss)
 .bss           0x2000000c       0x1c C:/ST/STM32CubeIDE_2.0.0/STM32CubeIDE/plugins/com.st.stm32cube.ide.mcu.externaltools.gnu-tools-for-stm32.13.3.rel1.win32_1.0.100.202509120712/tools/bin/../lib/gcc/arm-none-eabi/13.3.1/thumb/v7e-m+fp/hard/crtbegin.o
 *(.bss*)
 .bss.txbuf     0x20000028      0x106 ./Core/Src/circbuf.o
                0x20000028                txbuf
 *fill*         0x2000012e        0x2 
 .bss.uart      0x20000130       0x18 ./Core/Src/uart.o
                0x20000130                uart
 .bss.uwTick    0x20000148        0x4 ./Drivers/STM32F4xx_HAL_Driver/Src/stm32f4xx_hal.o
                0x20000148                uwTick
 *(COMMON)
                0x2000014c                        . = ALIGN (0x4)
                0x2000014c                        _ebss = .
                0x2000014c                        __bss_end__ = _ebss

._user_heap_stack
                0x2000014c      0x604 load address 0x08002b58
                0x20000150                        . = ALIGN (0x8)
 *fill*         0x2000014c        0x4 
                [!provide]                        PROVIDE (end = .)
                0x20000150                        PROVIDE (_end = .)
                0x20000350                        . = (. + _Min_Heap_Size)
 *fill*         0x20000150      0x200 
                0x20000750                        . = (. + _Min_Stack_Size)
 *fill*         0x20000350      0x400 
                0x20000750                        . = ALIGN (0x8)

/DISCARD/
 libc.a(*)
 libm.a(*)
 libgcc.a(*)

.ARM.attributes
                0x00000000       0x30
 *(.ARM.attributes)
 .ARM.attributes
                0x00000000       0x22 C:/ST/STM32CubeIDE_2.0.0/STM32CubeIDE/plugins/com.st.stm32cube.ide.mcu.externaltools.gnu-tools-for-stm32.13.3.rel1.win32_1.0.100.202509120712/tools/bin/../lib/gcc/arm-none-eabi/13.3.1/thumb/v7e-m+fp/hard/crti.o
 .ARM.attributes
                0x00000022       0x34 C:/ST/STM32CubeIDE_2.0.0/STM32CubeIDE/plugins/com.st.stm32cube.ide.mcu.externaltools.gnu-tools-for-stm32.13.3.rel1.win32_1.0.100.202509120712/tools/bin/../lib/gcc/arm-none-eabi/13.3.1/thumb/v7e-m+fp/hard/crtbegin.o
 .ARM.attributes
                0x00000056       0x34 ./Core/Src/circbuf.o
 .ARM.attributes
                0x0000008a       0x34 ./Core/Src/main.o
 .ARM.attributes
                0x000000be       0x34 ./Core/Src/stm32f4xx_hal_msp.o
 .ARM.attributes
                0x000000f2       0x34 ./Core/Src/stm32f4xx_it.o
 .ARM.attributes
                0x00000126       0x34 ./Core/Src/system_stm32f4xx.o
 .ARM.attributes
                0x0000015a       0x34 ./Core/Src/uart.o
 .ARM.attributes
                0x0000018e       0x21 ./Core/Startup/startup_stm32f446retx.o
 .ARM.attributes
                0x000001af       0x34 ./Drivers/STM32F4xx_HAL_Driver/Src/stm32f4xx_hal.o
 .ARM.attributes
                0x000001e3       0x34 ./Drivers/STM32F4xx_HAL_Driver/Src/stm32f4xx_hal_cortex.o
 .ARM.attributes
                0x00000217       0x34 ./Drivers/STM32F4xx_HAL_Driver/Src/stm32f4xx_ll_exti.o
 .ARM.attributes
                0x0000024b       0x34 ./Drivers/STM32F4xx_HAL_Driver/Src/stm32f4xx_ll_gpio.o
 .ARM.attributes
                0x0000027f       0x34 ./Drivers/STM32F4xx_HAL_Driver/Src/stm32f4xx_ll_rcc.o
 .ARM.attributes
                0x000002b3       0x34 ./Drivers/STM32F4xx_HAL_Driver/Src/stm32f4xx_ll_usart.o
 .ARM.attributes
                0x000002e7       0x34 ./Drivers/STM32F4xx_HAL_Driver/Src/stm32f4xx_ll_utils.o
 .ARM.attributes
                0x0000031b       0x34 C:/ST/STM32CubeIDE_2.0.0/STM32CubeIDE/plugins/com.st.stm32cube.ide.mcu.externaltools.gnu-tools-for-stm32.13.3.rel1.win32_1.0.100.202509120712/tools/bin/../lib/gcc/arm-none-eabi/13.3.1/../../../../arm-none-eabi/lib/thumb/v7e-m+fp/hard\libc_nano.a(libc_a-init.o)
 .ARM.attributes
                0x0000034f       0x22 C:/ST/STM32CubeIDE_2.0.0/STM32CubeIDE/plugins/com.st.stm32cube.ide.mcu.externaltools.gnu-tools-for-stm32.13.3.rel1.win32_1.0.100.202509120712/tools/bin/../lib/gcc/arm-none-eabi/13.3.1/thumb/v7e-m+fp/hard\libgcc.a(_aeabi_uldivmod.o)
 .ARM.attributes
                0x00000371       0x34 C:/ST/STM32CubeIDE_2.0.0/STM32CubeIDE/plugins/com.st.stm32cube.ide.mcu.externaltools.gnu-tools-for-stm32.13.3.rel1.win32_1.0.100.202509120712/tools/bin/../lib/gcc/arm-none-eabi/13.3.1/thumb/v7e-m+fp/hard\libgcc.a(_udivmoddi4.o)
 .ARM.attributes
                0x000003a5       0x22 C:/ST/STM32CubeIDE_2.0.0/STM32CubeIDE/plugins/com.st.stm32cube.ide.mcu.externaltools.gnu-tools-for-stm32.13.3.rel1.win32_1.0.100.202509120712/tools/bin/../lib/gcc/arm-none-eabi/13.3.1/thumb/v7e-m+fp/hard\libgcc.a(_dvmd_tls.o)
 .ARM.attributes
                0x000003c7       0x22 C:/ST/STM32CubeIDE_2.0.0/STM32CubeIDE/plugins/com.st.stm32cube.ide.mcu.externaltools.gnu-tools-for-stm32.13.3.rel1.win32_1.0.100.202509120712/tools/bin/../lib/gcc/arm-none-eabi/13.3.1/thumb/v7e-m+fp/hard/crtn.o
OUTPUT(adc_project.elf elf32-littlearm)
LOAD linker stubs
LOAD C:/ST/STM32CubeIDE_2.0.0/STM32CubeIDE/plugins/com.st.stm32cube.ide.mcu.externaltools.gnu-tools-for-stm32.13.3.rel1.win32_1.0.100.202509120712/tools/bin/../lib/gcc/arm-none-eabi/13.3.1/../../../../arm-none-eabi/lib/thumb/v7e-m+fp/hard\libc.a
LOAD C:/ST/STM32CubeIDE_2.0.0/STM32CubeIDE/plugins/com.st.stm32cube.ide.mcu.externaltools.gnu-tools-for-stm32.13.3.rel1.win32_1.0.100.202509120712/tools/bin/../lib/gcc/arm-none-eabi/13.3.1/../../../../arm-none-eabi/lib/thumb/v7e-m+fp/hard\libm.a
LOAD C:/ST/STM32CubeIDE_2.0.0/STM32CubeIDE/plugins/com.st.stm32cube.ide.mcu.externaltools.gnu-tools-for-stm32.13.3.rel1.win32_1.0.100.202509120712/tools/bin/../lib/gcc/arm-none-eabi/13.3.1/thumb/v7e-m+fp/hard\libgcc.a

.debug_info     0x00000000     0x6fac
 .debug_info    0x00000000      0x277 ./Core/Src/circbuf.o
 .debug_info    0x00000277     0x188d ./Core/Src/main.o
 .debug_info    0x00001b04      0x2f4 ./Core/Src/stm32f4xx_hal_msp.o
 .debug_info    0x00001df8      0x319 ./Core/Src/stm32f4xx_it.o
 .debug_info    0x00002111      0x54a ./Core/Src/system_stm32f4xx.o
 .debug_info    0x0000265b      0x90a ./Core/Src/uart.o
 .debug_info    0x00002f65       0x30 ./Core/Startup/startup_stm32f446retx.o
 .debug_info    0x00002f95      0x99a ./Drivers/STM32F4xx_HAL_Driver/Src/stm32f4xx_hal.o
 .debug_info    0x0000392f      0xdaa ./Drivers/STM32F4xx_HAL_Driver/Src/stm32f4xx_hal_cortex.o
 .debug_info    0x000046d9      0x337 ./Drivers/STM32F4xx_HAL_Driver/Src/stm32f4xx_ll_exti.o
 .debug_info    0x00004a10      0x957 ./Drivers/STM32F4xx_HAL_Driver/Src/stm32f4xx_ll_gpio.o
 .debug_info    0x00005367      0xbd9 ./Drivers/STM32F4xx_HAL_Driver/Src/stm32f4xx_ll_rcc.o
 .debug_info    0x00005f40      0x722 ./Drivers/STM32F4xx_HAL_Driver/Src/stm32f4xx_ll_usart.o
 .debug_info    0x00006662      0x94a ./Drivers/STM32F4xx_HAL_Driver/Src/stm32f4xx_ll_utils.o

.debug_abbrev   0x00000000     0x19ca
 .debug_abbrev  0x00000000      0x12d ./Core/Src/circbuf.o
 .debug_abbrev  0x0000012d      0x3ad ./Core/Src/main.o
 .debug_abbrev  0x000004da       0xf9 ./Core/Src/stm32f4xx_hal_msp.o
 .debug_abbrev  0x000005d3      0x15f ./Core/Src/stm32f4xx_it.o
 .debug_abbrev  0x00000732      0x11a ./Core/Src/system_stm32f4xx.o
 .debug_abbrev  0x0000084c      0x264 ./Core/Src/uart.o
 .debug_abbrev  0x00000ab0       0x24 ./Core/Startup/startup_stm32f446retx.o
 .debug_abbrev  0x00000ad4      0x214 ./Drivers/STM32F4xx_HAL_Driver/Src/stm32f4xx_hal.o
 .debug_abbrev  0x00000ce8      0x31d ./Drivers/STM32F4xx_HAL_Driver/Src/stm32f4xx_hal_cortex.o
 .debug_abbrev  0x00001005      0x18a ./Drivers/STM32F4xx_HAL_Driver/Src/stm32f4xx_ll_exti.o
 .debug_abbrev  0x0000118f      0x237 ./Drivers/STM32F4xx_HAL_Driver/Src/stm32f4xx_ll_gpio.o
 .debug_abbrev  0x000013c6      0x1ef ./Drivers/STM32F4xx_HAL_Driver/Src/stm32f4xx_ll_rcc.o
 .debug_abbrev  0x000015b5      0x1f2 ./Drivers/STM32F4xx_HAL_Driver/Src/stm32f4xx_ll_usart.o
 .debug_abbrev  0x000017a7      0x223 ./Drivers/STM32F4xx_HAL_Driver/Src/stm32f4xx_ll_utils.o

.debug_aranges  0x00000000      0xa10
 .debug_aranges
                0x00000000       0x50 ./Core/Src/circbuf.o
 .debug_aranges
                0x00000050      0x178 ./Core/Src/main.o
 .debug_aranges
                0x000001c8       0x20 ./Core/Src/stm32f4xx_hal_msp.o
 .debug_aranges
                0x000001e8       0x70 ./Core/Src/stm32f4xx_it.o
 .debug_aranges
                0x00000258       0x28 ./Core/Src/system_stm32f4xx.o
 .debug_aranges
                0x00000280       0xe0 ./Core/Src/uart.o
 .debug_aranges
                0x00000360       0x28 ./Core/Startup/startup_stm32f446retx.o
 .debug_aranges
                0x00000388       0xf0 ./Drivers/STM32F4xx_HAL_Driver/Src/stm32f4xx_hal.o
 .debug_aranges
                0x00000478      0x130 ./Drivers/STM32F4xx_HAL_Driver/Src/stm32f4xx_hal_cortex.o
 .debug_aranges
                0x000005a8       0x70 ./Drivers/STM32F4xx_HAL_Driver/Src/stm32f4xx_ll_exti.o
 .debug_aranges
                0x00000618       0x70 ./Drivers/STM32F4xx_HAL_Driver/Src/stm32f4xx_ll_gpio.o
 .debug_aranges
                0x00000688      0x200 ./Drivers/STM32F4xx_HAL_Driver/Src/stm32f4xx_ll_rcc.o
 .debug_aranges
                0x00000888       0x88 ./Drivers/STM32F4xx_HAL_Driver/Src/stm32f4xx_ll_usart.o
 .debug_aranges
                0x00000910      0x100 ./Drivers/STM32F4xx_HAL_Driver/Src/stm32f4xx_ll_utils.o

.debug_rnglists
                0x00000000      0x75c
 .debug_rnglists
                0x00000000       0x37 ./Core/Src/circbuf.o
 .debug_rnglists
                0x00000037      0x118 ./Core/Src/main.o
 .debug_rnglists
                0x0000014f       0x13 ./Core/Src/stm32f4xx_hal_msp.o
 .debug_rnglists
                0x00000162       0x4f ./Core/Src/stm32f4xx_it.o
 .debug_rnglists
                0x000001b1       0x1a ./Core/Src/system_stm32f4xx.o
 .debug_rnglists
                0x000001cb       0xa6 ./Core/Src/uart.o
 .debug_rnglists
                0x00000271       0x19 ./Core/Startup/startup_stm32f446retx.o
 .debug_rnglists
                0x0000028a       0xaf ./Drivers/STM32F4xx_HAL_Driver/Src/stm32f4xx_hal.o
 .debug_rnglists
                0x00000339       0xe0 ./Drivers/STM32F4xx_HAL_Driver/Src/stm32f4xx_hal_cortex.o
 .debug_rnglists
                0x00000419       0x50 ./Drivers/STM32F4xx_HAL_Driver/Src/stm32f4xx_ll_exti.o
 .debug_rnglists
                0x00000469       0x51 ./Drivers/STM32F4xx_HAL_Driver/Src/stm32f4xx_ll_gpio.o
 .debug_rnglists
                0x000004ba      0x180 ./Drivers/STM32F4xx_HAL_Driver/Src/stm32f4xx_ll_rcc.o
 .debug_rnglists
                0x0000063a       0x64 ./Drivers/STM32F4xx_HAL_Driver/Src/stm32f4xx_ll_usart.o
 .debug_rnglists
                0x0000069e       0xbe ./Drivers/STM32F4xx_HAL_Driver/Src/stm32f4xx_ll_utils.o

.debug_macro    0x00000000    0x23457
 .debug_macro   0x00000000      0x14d ./Core/Src/circbuf.o
 .debug_macro   0x0000014d       0x22 ./Core/Src/circbuf.o
 .debug_macro   0x0000016f       0x8e ./Core/Src/circbuf.o
 .debug_macro   0x000001fd       0x51 ./Core/Src/circbuf.o
 .debug_macro   0x0000024e      0x103 ./Core/Src/circbuf.o
 .debug_macro   0x00000351       0x6a ./Core/Src/circbuf.o
 .debug_macro   0x000003bb      0x1df ./Core/Src/circbuf.o
 .debug_macro   0x0000059a       0x22 ./Core/Src/circbuf.o
 .debug_macro   0x000005bc       0x2a ./Core/Src/circbuf.o
 .debug_macro   0x000005e6       0x61 ./Core/Src/circbuf.o
 .debug_macro   0x00000647       0x43 ./Core/Src/circbuf.o
 .debug_macro   0x0000068a       0x34 ./Core/Src/circbuf.o
 .debug_macro   0x000006be       0x16 ./Core/Src/circbuf.o
 .debug_macro   0x000006d4      0x11c ./Core/Src/circbuf.o
 .debug_macro   0x000007f0       0x9b ./Core/Src/circbuf.o
 .debug_macro   0x0000088b      0x370 ./Core/Src/circbuf.o
 .debug_macro   0x00000bfb       0x16 ./Core/Src/circbuf.o
 .debug_macro   0x00000c11       0x4a ./Core/Src/circbuf.o
 .debug_macro   0x00000c5b       0x34 ./Core/Src/circbuf.o
 .debug_macro   0x00000c8f       0x10 ./Core/Src/circbuf.o
 .debug_macro   0x00000c9f       0x58 ./Core/Src/circbuf.o
 .debug_macro   0x00000cf7       0x8e ./Core/Src/circbuf.o
 .debug_macro   0x00000d85       0x1c ./Core/Src/circbuf.o
 .debug_macro   0x00000da1      0x185 ./Core/Src/circbuf.o
 .debug_macro   0x00000f26       0x16 ./Core/Src/circbuf.o
 .debug_macro   0x00000f3c       0x29 ./Core/Src/circbuf.o
 .debug_macro   0x00000f65      0x320 ./Core/Src/main.o
 .debug_macro   0x00001285      0x28f ./Core/Src/main.o
 .debug_macro   0x00001514       0x2e ./Core/Src/main.o
 .debug_macro   0x00001542       0x28 ./Core/Src/main.o
 .debug_macro   0x0000156a       0x1c ./Core/Src/main.o
 .debug_macro   0x00001586       0x22 ./Core/Src/main.o
 .debug_macro   0x000015a8       0xfb ./Core/Src/main.o
 .debug_macro   0x000016a3     0x1011 ./Core/Src/main.o
 .debug_macro   0x000026b4      0x11f ./Core/Src/main.o
 .debug_macro   0x000027d3    0x1675e ./Core/Src/main.o
 .debug_macro   0x00018f31       0x6d ./Core/Src/main.o
 .debug_macro   0x00018f9e     0x3693 ./Core/Src/main.o
 .debug_macro   0x0001c631      0x190 ./Core/Src/main.o
 .debug_macro   0x0001c7c1       0x5c ./Core/Src/main.o
 .debug_macro   0x0001c81d      0xca5 ./Core/Src/main.o
 .debug_macro   0x0001d4c2      0x9e9 ./Core/Src/main.o
 .debug_macro   0x0001deab      0x115 ./Core/Src/main.o
 .debug_macro   0x0001dfc0      0x1a0 ./Core/Src/main.o
 .debug_macro   0x0001e160       0xa5 ./Core/Src/main.o
 .debug_macro   0x0001e205      0x16d ./Core/Src/main.o
 .debug_macro   0x0001e372      0x287 ./Core/Src/main.o
 .debug_macro   0x0001e5f9       0x5f ./Core/Src/main.o
 .debug_macro   0x0001e658      0x236 ./Core/Src/main.o
 .debug_macro   0x0001e88e      0x132 ./Core/Src/main.o
 .debug_macro   0x0001e9c0      0x29c ./Core/Src/main.o
 .debug_macro   0x0001ec5c       0x2e ./Core/Src/main.o
 .debug_macro   0x0001ec8a      0x127 ./Core/Src/main.o
 .debug_macro   0x0001edb1       0xe8 ./Core/Src/main.o
 .debug_macro   0x0001ee99       0x89 ./Core/Src/main.o
 .debug_macro   0x0001ef22      0x126 ./Core/Src/main.o
 .debug_macro   0x0001f048      0xd69 ./Core/Src/main.o
 .debug_macro   0x0001fdb1      0x1db ./Core/Src/main.o
 .debug_macro   0x0001ff8c      0x21c ./Core/Src/main.o
 .debug_macro   0x000201a8       0xe8 ./Core/Src/main.o
 .debug_macro   0x00020290      0x1a6 ./Core/Src/main.o
 .debug_macro   0x00020436       0x61 ./Core/Src/main.o
 .debug_macro   0x00020497       0xd5 ./Core/Src/main.o
 .debug_macro   0x0002056c      0x1e6 ./Core/Src/main.o
 .debug_macro   0x00020752      0x1bb ./Core/Src/main.o
 .debug_macro   0x0002090d      0x149 ./Core/Src/main.o
 .debug_macro   0x00020a56       0x58 ./Core/Src/main.o
 .debug_macro   0x00020aae       0x3c ./Core/Src/main.o
 .debug_macro   0x00020aea      0x219 ./Core/Src/stm32f4xx_hal_msp.o
 .debug_macro   0x00020d03      0x312 ./Core/Src/stm32f4xx_it.o
 .debug_macro   0x00021015      0x1b0 ./Core/Src/system_stm32f4xx.o
 .debug_macro   0x000211c5      0x2b5 ./Core/Src/uart.o
 .debug_macro   0x0002147a      0x210 ./Drivers/STM32F4xx_HAL_Driver/Src/stm32f4xx_hal.o
 .debug_macro   0x0002168a      0x1b0 ./Drivers/STM32F4xx_HAL_Driver/Src/stm32f4xx_hal_cortex.o
 .debug_macro   0x0002183a      0x1d7 ./Drivers/STM32F4xx_HAL_Driver/Src/stm32f4xx_ll_exti.o
 .debug_macro   0x00021a11       0xe2 ./Drivers/STM32F4xx_HAL_Driver/Src/stm32f4xx_ll_exti.o
 .debug_macro   0x00021af3      0x1f2 ./Drivers/STM32F4xx_HAL_Driver/Src/stm32f4xx_ll_gpio.o
 .debug_macro   0x00021ce5      0x143 ./Drivers/STM32F4xx_HAL_Driver/Src/stm32f4xx_ll_gpio.o
 .debug_macro   0x00021e28      0x1ef ./Drivers/STM32F4xx_HAL_Driver/Src/stm32f4xx_ll_rcc.o
 .debug_macro   0x00022017      0xd63 ./Drivers/STM32F4xx_HAL_Driver/Src/stm32f4xx_ll_rcc.o
 .debug_macro   0x00022d7a      0x21f ./Drivers/STM32F4xx_HAL_Driver/Src/stm32f4xx_ll_usart.o
 .debug_macro   0x00022f99      0x1b5 ./Drivers/STM32F4xx_HAL_Driver/Src/stm32f4xx_ll_usart.o
 .debug_macro   0x0002314e      0x2ae ./Drivers/STM32F4xx_HAL_Driver/Src/stm32f4xx_ll_utils.o
 .debug_macro   0x000233fc       0x5b ./Drivers/STM32F4xx_HAL_Driver/Src/stm32f4xx_ll_utils.o

.debug_line     0x00000000     0x9008
 .debug_line    0x00000000      0x6ca ./Core/Src/circbuf.o
 .debug_line    0x000006ca     0x1047 ./Core/Src/main.o
 .debug_line    0x00001711      0x7ea ./Core/Src/stm32f4xx_hal_msp.o
 .debug_line    0x00001efb      0xa3b ./Core/Src/stm32f4xx_it.o
 .debug_line    0x00002936      0x777 ./Core/Src/system_stm32f4xx.o
 .debug_line    0x000030ad      0xc47 ./Core/Src/uart.o
 .debug_line    0x00003cf4       0x7a ./Core/Startup/startup_stm32f446retx.o
 .debug_line    0x00003d6e      0x9f3 ./Drivers/STM32F4xx_HAL_Driver/Src/stm32f4xx_hal.o
 .debug_line    0x00004761      0xcc3 ./Drivers/STM32F4xx_HAL_Driver/Src/stm32f4xx_hal_cortex.o
 .debug_line    0x00005424      0x87a ./Drivers/STM32F4xx_HAL_Driver/Src/stm32f4xx_ll_exti.o
 .debug_line    0x00005c9e      0xac9 ./Drivers/STM32F4xx_HAL_Driver/Src/stm32f4xx_ll_gpio.o
 .debug_line    0x00006767     0x129e ./Drivers/STM32F4xx_HAL_Driver/Src/stm32f4xx_ll_rcc.o
 .debug_line    0x00007a05      0x976 ./Drivers/STM32F4xx_HAL_Driver/Src/stm32f4xx_ll_usart.o
 .debug_line    0x0000837b      0xc8d ./Drivers/STM32F4xx_HAL_Driver/Src/stm32f4xx_ll_utils.o

.debug_str      0x00000000    0xd802d
 .debug_str     0x00000000    0xd802d ./Core/Src/circbuf.o
                               0x74e3 (size before relaxing)
 .debug_str     0x000d802d        0x0 ./Core/Src/main.o
                              0xd4794 (size before relaxing)
 .debug_str     0x000d802d        0x0 ./Core/Src/stm32f4xx_hal_msp.o
                              0xd06c7 (size before relaxing)
 .debug_str     0x000d802d        0x0 ./Core/Src/stm32f4xx_it.o
                              0xd39c4 (size before relaxing)
 .debug_str     0x000d802d        0x0 ./Core/Src/system_stm32f4xx.o
                              0xc09a6 (size before relaxing)
 .debug_str     0x000d802d        0x0 ./Core/Src/uart.o
                              0xc63db (size before relaxing)
 .debug_str     0x000d802d        0x0 ./Core/Startup/startup_stm32f446retx.o
                                 0xa5 (size before relaxing)
 .debug_str     0x000d802d        0x0 ./Drivers/STM32F4xx_HAL_Driver/Src/stm32f4xx_hal.o
                              0xc156b (size before relaxing)
 .debug_str     0x000d802d        0x0 ./Drivers/STM32F4xx_HAL_Driver/Src/stm32f4xx_hal_cortex.o
                              0xc12c2 (size before relaxing)
 .debug_str     0x000d802d        0x0 ./Drivers/STM32F4xx_HAL_Driver/Src/stm32f4xx_ll_exti.o
                              0xc1009 (size before relaxing)
 .debug_str     0x000d802d        0x0 ./Drivers/STM32F4xx_HAL_Driver/Src/stm32f4xx_ll_gpio.o
                              0xc238c (size before relaxing)
 .debug_str     0x000d802d        0x0 ./Drivers/STM32F4xx_HAL_Driver/Src/stm32f4xx_ll_rcc.o
                              0xcae95 (size before relaxing)
 .debug_str     0x000d802d        0x0 ./Drivers/STM32F4xx_HAL_Driver/Src/stm32f4xx_ll_usart.o
                              0xcc82c (size before relaxing)
 .debug_str     0x000d802d        0x0 ./Drivers/STM32F4xx_HAL_Driver/Src/stm32f4xx_ll_utils.o
                              0xcd591 (size before relaxing)

.comment        0x00000000       0x43
 .comment       0x00000000       0x43 ./Core/Src/circbuf.o
                                 0x44 (size before relaxing)
 .comment       0x00000043        0x0 ./Core/Src/main.o
                                 0x44 (size before relaxing)
 .comment       0x00000043        0x0 ./Core/Src/stm32f4xx_hal_msp.o
                                 0x44 (size before relaxing)
 .comment       0x00000043        0x0 ./Core/Src/stm32f4xx_it.o
                                 0x44 (size before relaxing)
 .comment       0x00000043        0x0 ./Core/Src/system_stm32f4xx.o
                                 0x44 (size before relaxing)
 .comment       0x00000043        0x0 ./Core/Src/uart.o
                                 0x44 (size before relaxing)
 .comment       0x00000043        0x0 ./Drivers/STM32F4xx_HAL_Driver/Src/stm32f4xx_hal.o
                                 0x44 (size before relaxing)
 .comment       0x00000043        0x0 ./Drivers/STM32F4xx_HAL_Driver/Src/stm32f4xx_hal_cortex.o
                                 0x44 (size before relaxing)
 .comment       0x00000043        0x0 ./Drivers/STM32F4xx_HAL_Driver/Src/stm32f4xx_ll_exti.o
                                 0x44 (size before relaxing)
 .comment       0x00000043        0x0 ./Drivers/STM32F4xx_HAL_Driver/Src/stm32f4xx_ll_gpio.o
                                 0x44 (size before relaxing)
 .comment       0x00000043        0x0 ./Drivers/STM32F4xx_HAL_Driver/Src/stm32f4xx_ll_rcc.o
                                 0x44 (size before relaxing)
 .comment       0x00000043        0x0 ./Drivers/STM32F4xx_HAL_Driver/Src/stm32f4xx_ll_usart.o
                                 0x44 (size before relaxing)
 .comment       0x00000043        0x0 ./Drivers/STM32F4xx_HAL_Driver/Src/stm32f4xx_ll_utils.o
                                 0x44 (size before relaxing)

.debug_frame    0x00000000     0x289c
 .debug_frame   0x00000000      0x120 ./Core/Src/circbuf.o
 .debug_frame   0x00000120      0x674 ./Core/Src/main.o
 .debug_frame   0x00000794       0x34 ./Core/Src/stm32f4xx_hal_msp.o
 .debug_frame   0x000007c8      0x140 ./Core/Src/stm32f4xx_it.o
 .debug_frame   0x00000908       0x58 ./Core/Src/system_stm32f4xx.o
 .debug_frame   0x00000960      0x3e4 ./Core/Src/uart.o
 .debug_frame   0x00000d44      0x374 ./Drivers/STM32F4xx_HAL_Driver/Src/stm32f4xx_hal.o
 .debug_frame   0x000010b8      0x508 ./Drivers/STM32F4xx_HAL_Driver/Src/stm32f4xx_hal_cortex.o
 .debug_frame   0x000015c0      0x1bc ./Drivers/STM32F4xx_HAL_Driver/Src/stm32f4xx_ll_exti.o
 .debug_frame   0x0000177c      0x1c0 ./Drivers/STM32F4xx_HAL_Driver/Src/stm32f4xx_ll_gpio.o
 .debug_frame   0x0000193c      0x87c ./Drivers/STM32F4xx_HAL_Driver/Src/stm32f4xx_ll_rcc.o
 .debug_frame   0x000021b8      0x240 ./Drivers/STM32F4xx_HAL_Driver/Src/stm32f4xx_ll_usart.o
 .debug_frame   0x000023f8      0x418 ./Drivers/STM32F4xx_HAL_Driver/Src/stm32f4xx_ll_utils.o
 .debug_frame   0x00002810       0x2c C:/ST/STM32CubeIDE_2.0.0/STM32CubeIDE/plugins/com.st.stm32cube.ide.mcu.externaltools.gnu-tools-for-stm32.13.3.rel1.win32_1.0.100.202509120712/tools/bin/../lib/gcc/arm-none-eabi/13.3.1/../../../../arm-none-eabi/lib/thumb/v7e-m+fp/hard\libc_nano.a(libc_a-init.o)
 .debug_frame   0x0000283c       0x2c C:/ST/STM32CubeIDE_2.0.0/STM32CubeIDE/plugins/com.st.stm32cube.ide.mcu.externaltools.gnu-tools-for-stm32.13.3.rel1.win32_1.0.100.202509120712/tools/bin/../lib/gcc/arm-none-eabi/13.3.1/thumb/v7e-m+fp/hard\libgcc.a(_aeabi_uldivmod.o)
 .debug_frame   0x00002868       0x34 C:/ST/STM32CubeIDE_2.0.0/STM32CubeIDE/plugins/com.st.stm32cube.ide.mcu.externaltools.gnu-tools-for-stm32.13.3.rel1.win32_1.0.100.202509120712/tools/bin/../lib/gcc/arm-none-eabi/13.3.1/thumb/v7e-m+fp/hard\libgcc.a(_udivmoddi4.o)

.debug_line_str
                0x00000000       0x89
 .debug_line_str
                0x00000000       0x89 ./Core/Startup/startup_stm32f446retx.o
